// Jest Snapshot v1, https://goo.gl/fbAQLP

exports[`Test for Header component Should renders the same component 1`] = `
<div>
  <header
    class="Header"
  >
    <button
      class="Button Header__home flat"
      type="button"
    >
      Petgram
    </button>
    <nav>
      <ul>
        <li />
        <li>
          <a
            href="/login"
          >
            <button
              class="Button"
              type="button"
            >
              Iniciar sesi√≥n
            </button>
          </a>
        </li>
      </ul>
    </nav>
  </header>
</div>
`;
