// Jest Snapshot v1, https://goo.gl/fbAQLP

exports[`Test for Home page component Should renders the same component 1`] = `
<div>
  <section
    class="Home"
    data-testid="Home"
  >
    <section
      class="PostList"
      data-testid="PostList"
    />
  </section>
</div>
`;
