// Jest Snapshot v1, https://goo.gl/fbAQLP

exports[`Test for Header component Should renders the same component 1`] = `
<div>
  <header
    class="Header"
  >
    <nav>
      <ul>
        <li>
          <div
            class="Button"
          >
            Iniciar sesi√≥n
          </div>
        </li>
      </ul>
    </nav>
  </header>
</div>
`;
