// Jest Snapshot v1, https://goo.gl/fbAQLP

exports[`Test for Layout container component Should renders the same component 1`] = `
<div>
  <div
    class="Layout"
    data-testid="Layout"
  >
    <header
      class="Header"
    >
      <nav>
        <ul>
          <li>
            <button
              class="Button"
              type="button"
            >
              Iniciar sesi√≥n
            </button>
          </li>
        </ul>
      </nav>
    </header>
    <main />
  </div>
</div>
`;
