// Jest Snapshot v1, https://goo.gl/fbAQLP

exports[`Test for NotFound page component Should renders the same component 1`] = `
<div>
  <section
    class="NotFound"
  >
    <p>
      Url incorrecta
    </p>
  </section>
</div>
`;
