// Jest Snapshot v1, https://goo.gl/fbAQLP

exports[`Test for UserProfile component Should renders the same component 1`] = `
<div>
  <div
    class="UserProfile"
  >
    <figure
      class="UserProfile__image"
    >
      <img
        alt="Sara Andersen"
        src="https://randomuser.me/api/portraits/women/58.jpg"
      />
    </figure>
    <p>
      Sara
       
      Andersen
    </p>
    <div
      class="UserProfile__user-data"
    >
      <div
        class="Icon"
      >
        <svg
          fill="currentColor"
          height="1em"
          stroke="currentColor"
          stroke-width="0"
          viewBox="0 0 16 16"
          width="1em"
          xmlns="http://www.w3.org/2000/svg"
        >
          <path
            clip-rule="evenodd"
            d="M1 3.5l.5-.5h13l.5.5v9l-.5.5h-13l-.5-.5v-9zm1 1.035V12h12V4.536L8.31 8.9H7.7L2 4.535zM13.03 4H2.97L8 7.869 13.03 4z"
            fill-rule="evenodd"
          />
        </svg>
        <p>
          sara.andersen@example.com
        </p>
      </div>
      <div
        class="Icon"
      >
        <svg
          fill="currentColor"
          height="1em"
          stroke="currentColor"
          stroke-width="0"
          viewBox="0 0 16 16"
          width="1em"
          xmlns="http://www.w3.org/2000/svg"
        >
          <path
            clip-rule="evenodd"
            d="M12.547 9.328a1.567 1.567 0 0 0-.594-.117 1.202 1.202 0 0 0-.555.101 2.762 2.762 0 0 0-.43.258 2.166 2.166 0 0 0-.359.328c-.104.12-.205.23-.304.329a2.409 2.409 0 0 1-.29.25.534.534 0 0 1-.695-.063 32.17 32.17 0 0 1-.328-.312c-.14-.136-.312-.3-.515-.493A61.776 61.776 0 0 1 7.844 9l-.68-.664a25.847 25.847 0 0 1-1.21-1.266 5.312 5.312 0 0 1-.391-.484c-.094-.135-.141-.234-.141-.297a.46.46 0 0 1 .101-.312c.073-.094.16-.19.258-.29.1-.098.209-.203.328-.312.12-.11.23-.227.329-.352.098-.125.182-.268.25-.43.067-.16.101-.343.101-.546a1.567 1.567 0 0 0-.453-1.102 7.604 7.604 0 0 1-.531-.578 6.487 6.487 0 0 0-.617-.64 4.207 4.207 0 0 0-.696-.516A1.46 1.46 0 0 0 3.742 1a1.567 1.567 0 0 0-1.101.453c-.271.271-.508.513-.711.727a4.006 4.006 0 0 0-.516.664 2.63 2.63 0 0 0-.312.765A4.39 4.39 0 0 0 1 4.625c0 .552.089 1.125.266 1.719.177.593.416 1.185.718 1.773.302.589.67 1.167 1.102 1.735.432.567.901 1.106 1.406 1.617.505.51 1.042.982 1.61 1.414.567.432 1.148.805 1.742 1.117.593.313 1.19.557 1.789.734a6.157 6.157 0 0 0 1.75.266 4.696 4.696 0 0 0 1.008-.11 2.59 2.59 0 0 0 .773-.312c.23-.14.45-.312.664-.515.214-.204.453-.438.719-.704A1.568 1.568 0 0 0 15 12.257a2.009 2.009 0 0 0-.102-.515 1.674 1.674 0 0 0-.257-.484 7.24 7.24 0 0 0-.368-.445 5.381 5.381 0 0 0-.421-.422 91.549 91.549 0 0 0-.43-.383 8.277 8.277 0 0 1-.367-.344 1.516 1.516 0 0 0-.508-.336zm-.367 4.586a3.13 3.13 0 0 1-.797.086 5.526 5.526 0 0 1-1.516-.242 8.362 8.362 0 0 1-1.586-.664 13.205 13.205 0 0 1-3.047-2.297 17.15 17.15 0 0 1-1.289-1.461 10.502 10.502 0 0 1-1.03-1.578 9.12 9.12 0 0 1-.673-1.61A5.308 5.308 0 0 1 2 4.602a3.34 3.34 0 0 1 .094-.79c.057-.218.143-.414.258-.585.114-.172.255-.339.421-.5.167-.162.357-.35.57-.563a.542.542 0 0 1 .4-.164c.062-.005.158.036.288.125.13.089.271.195.422.32a7.058 7.058 0 0 1 .899.899c.125.15.229.289.312.414.083.125.125.221.125.289a.429.429 0 0 1-.101.312c-.073.084-.16.18-.258.29-.1.109-.209.213-.328.312-.12.099-.23.216-.329.351a2.266 2.266 0 0 0-.25.438 1.345 1.345 0 0 0-.101.54c.005.213.047.413.125.6.078.188.19.355.336.5l3.726 3.727a1.527 1.527 0 0 0 1.102.46 1.2 1.2 0 0 0 .547-.1 2.414 2.414 0 0 0 .789-.586c.11-.12.21-.23.305-.329.093-.098.19-.182.289-.25a.545.545 0 0 1 .312-.101c.073 0 .172.042.297.125.125.083.263.19.414.32.151.13.307.274.469.43.161.156.305.312.43.469.124.156.229.297.312.422.083.125.125.22.125.289a.533.533 0 0 1-.164.39c-.224.219-.414.41-.57.57a3.159 3.159 0 0 1-.5.422 1.93 1.93 0 0 1-.586.266zM15 1.704l-4.64 4.648h3.288v1h-5v-5h1V5.64L14.297 1l.703.703z"
            fill-rule="evenodd"
          />
        </svg>
        <p>
          92694011
        </p>
      </div>
      <div
        class="Icon"
      >
        <svg
          fill="currentColor"
          height="1em"
          stroke="currentColor"
          stroke-width="0"
          viewBox="0 0 16 16"
          width="1em"
          xmlns="http://www.w3.org/2000/svg"
        >
          <path
            clip-rule="evenodd"
            d="M8.5 1a6.5 6.5 0 1 1 0 13 6.5 6.5 0 0 1 0-13zm4.894 4a5.527 5.527 0 0 0-3.053-2.676c.444.84.765 1.74.953 2.676h2.1zm.582 2.995A5.11 5.11 0 0 0 14 7.5a5.464 5.464 0 0 0-.213-1.5h-2.342c.032.331.055.664.055 1a10.114 10.114 0 0 1-.206 2h2.493c.095-.329.158-.665.19-1.005zm-3.535 0l.006-.051A9.04 9.04 0 0 0 10.5 7a8.994 8.994 0 0 0-.076-1H6.576A8.82 8.82 0 0 0 6.5 7a8.98 8.98 0 0 0 .233 2h3.534c.077-.332.135-.667.174-1.005zM10.249 5a8.974 8.974 0 0 0-1.255-2.97C8.83 2.016 8.666 2 8.5 2a3.62 3.62 0 0 0-.312.015l-.182.015L8 2.04A8.97 8.97 0 0 0 6.751 5h3.498zM5.706 5a9.959 9.959 0 0 1 .966-2.681A5.527 5.527 0 0 0 3.606 5h2.1zM3.213 6A5.48 5.48 0 0 0 3 7.5 5.48 5.48 0 0 0 3.213 9h2.493A10.016 10.016 0 0 1 5.5 7c0-.336.023-.669.055-1H3.213zm2.754 4h-2.36a5.515 5.515 0 0 0 3.819 2.893A10.023 10.023 0 0 1 5.967 10zM8.5 12.644A8.942 8.942 0 0 0 9.978 10H7.022A8.943 8.943 0 0 0 8.5 12.644zM11.033 10a10.024 10.024 0 0 1-1.459 2.893A5.517 5.517 0 0 0 13.393 10h-2.36z"
            fill-rule="evenodd"
          />
        </svg>
        <p>
          Denmark
        </p>
      </div>
      <div
        class="Icon"
      >
        <svg
          fill="currentColor"
          height="1em"
          stroke="currentColor"
          stroke-width="0"
          viewBox="0 0 16 16"
          width="1em"
          xmlns="http://www.w3.org/2000/svg"
        >
          <path
            d="M4.38 5h1V4h1V3h-1V2h-1v1h-1v1h1v1zm8 4h-1v1h-1v1h1v1h1v-1h1v-1h-1V9zM14 2V1h-1v1h-1v1h1v1h1V3h1V2h-1zm-2.947 2.442a1.49 1.49 0 0 0-2.12 0l-7.49 7.49a1.49 1.49 0 0 0 0 2.12c.59.59 1.54.59 2.12 0l7.49-7.49c.58-.58.58-1.53 0-2.12zm-8.2 8.9c-.2.2-.51.2-.71 0-.2-.2-.2-.51 0-.71l6.46-6.46.71.71-6.46 6.46zm7.49-7.49l-.32.32-.71-.71.32-.32c.2-.2.51-.2.71 0 .19.2.19.52 0 .71z"
          />
        </svg>
        <p>
          Cumplea√±os el 30 de 4
        </p>
      </div>
    </div>
  </div>
</div>
`;
